2019-09-05T08:10:31.367750Z a976b6edea21511e9873a029ae697fda 101.100.169.96:64758 10.151.1.228:31380 0.000039 0.007746 0.000018 200 200 0 312 "GET https://api.sg.prod.you.co:443/v2/me/card HTTP/1.1" "YouTrip/1238 CFNetwork/1098.1 Darwin/19.0.0" ECDHE-RSA-AES128-GCM-SHA256 TLSv1.2
2019-09-05T08:10:31.384525Z a976b6edea21511e9873a029ae697fda 101.100.169.96:64758 10.151.1.120:31380 0.000026 0.049614 0.000068 200 200 0 10265 "GET https://api.sg.prod.you.co:443/v2/me/card/386LWGZ4_Vh9KasUhs6F494pA3dlDj7lMErcyQrEw936/transaction?start=0&limit=20 HTTP/1.1" "YouTrip/1238 CFNetwork/1098.1 Darwin/19.0.0" ECDHE-RSA-AES128-GCM-SHA256 TLSv1.2
2019-09-05T08:10:31.400329Z a976b6edea21511e9873a029ae697fda 39.109.165.240:57746 10.151.1.81:31380 0.000027 0.042231 0.000022 200 200 0 348 "GET https://api.sg.prod.you.co:443/v2/me HTTP/1.1" "YouTrip/1238 CFNetwork/978.0.7 Darwin/18.6.0" ECDHE-RSA-AES128-GCM-SHA256 TLSv1.2
2019-09-05T08:10:31.286369Z a976b6edea21511e9873a029ae697fda 31.208.84.92:59058 10.151.1.119:31380 0.000029 0.179554 0.000032 200 200 0 8926 "GET https://api.sg.prod.you.co:443/v2/me/card/Hy4TbFk0fFj6eU00cmCfgzkD1uWpg_5TQCHMM6LiF1DQMw==/transaction?start=0&limit=10 HTTP/1.1" "okhttp/3.9.1" ECDHE-RSA-AES128-GCM-SHA256 TLSv1.2
2019-09-05T08:10:31.390671Z a976b6edea21511e9873a029ae697fda 101.100.169.96:47050 10.151.1.77:31380 0.000024 0.233167 0.00004 200 200 57 92 "POST https://api.sg.prod.you.co:443/v2/device/otp HTTP/1.1" "okhttp/3.9.1" ECDHE-RSA-AES128-GCM-SHA256 TLSv1.2
